<html>
<body>
<pre>
<h1>µVision Build Log</h1>
<h2>Project:</h2>
C:\_Work Projects\Life Alert\src_0.26\src\pandent.uvproj
Project File Date:  08/20/2015

<h2>Output:</h2>
Build target 'Target 1'
linking...
Program Size: Code=30676 RO-data=1768 RW-data=276 ZI-data=2084  
After Build - User command #1: fromelf --bin ".\output\pandent.axf" --output ".\output\pandent.bin"
After Build - User command #2: fromelf --text -c ".\output\pandent.axf" --output ".\output\pandent.txt"
".\output\pandent.axf" - 0 Error(s), 0 Warning(s).
</pre>
</body>
</html>
