<html>
<body>
<pre>
<h1>µVision Build Log</h1>
<h2>Project:</h2>
C:\GitHub\Unit213\src\pandent.uvproj
Project File Date:  08/20/2015

<h2>Output:</h2>
Build target 'Target 1'
creating preprocessor file for custerm.c...
compiling custerm.c...
creating preprocessor file for interrupt.c...
compiling interrupt.c...
creating preprocessor file for main.c...
compiling main.c...
main.c(183): warning:  #223-D: function "WriteToNv" declared implicitly
                                                                                                    WriteToNv( &custermParam ); //- save to eeprom
main.c(202): warning:  #223-D: function "WriteToNv" declared implicitly
                                                                                                                                                                                                                                                                                                        WriteToNv( &custermParam ); //- save to eeprom
main.c: 2 warnings, 0 errors
creating preprocessor file for misc.c...
compiling misc.c...
creating preprocessor file for module.c...
compiling module.c...
creating preprocessor file for udp.c...
compiling udp.c...
linking...
Program Size: Code=30676 RO-data=1768 RW-data=276 ZI-data=2084  
After Build - User command #1: fromelf --bin ".\output\pandent.axf" --output ".\output\pandent.bin"
After Build - User command #2: fromelf --text -c ".\output\pandent.axf" --output ".\output\pandent.txt"
".\output\pandent.axf" - 0 Error(s), 2 Warning(s).
