<html>
<body>
<pre>
<h1>µVision Build Log</h1>
<h2>Project:</h2>
E:\pendant\CODE\src\pandent.uvproj
Project File Date:  08/17/2014

<h2>Output:</h2>
Build target 'Target 1'
creating preprocessor file for custerm.c...
compiling custerm.c...
creating preprocessor file for interrupt.c...
compiling interrupt.c...
creating preprocessor file for main.c...
compiling main.c...
creating preprocessor file for misc.c...
compiling misc.c...
creating preprocessor file for module.c...
compiling module.c...
creating preprocessor file for udp.c...
compiling udp.c...
linking...
Program Size: Code=29312 RO-data=1764 RW-data=272 ZI-data=2072  
User command #1: fromelf --bin ".\output\pandent.axf" --output ".\output\pandent.bin"
User command #2: fromelf --text -c ".\output\pandent.axf" --output ".\output\pandent.txt"
".\output\pandent.axf" - 0 Error(s), 0 Warning(s).
Build target 'Target 1'
linking...
Program Size: Code=29312 RO-data=1764 RW-data=272 ZI-data=2072  
User command #1: fromelf --bin ".\output\pandent.axf" --output ".\output\pandent.bin"
User command #2: fromelf --text -c ".\output\pandent.axf" --output ".\output\pandent.txt"
".\output\pandent.axf" - 0 Error(s), 0 Warning(s).
