<html>
<body>
<pre>
<h1>µVision Build Log</h1>
<h2>Project:</h2>
E:\work\pandent\src\pandent.uvproj
Project File Date:  10/18/2013

<h2>Output:</h2>
Build target 'Target 1'
compiling core_cm0.c...
compiling system_M051Series.c...
BSP_Library\M051SeriesBSP_CMSIS_v2.01.002\LibM051Series\CMSIS\CM0\DeviceSupport\Nuvoton\M051Series\M051Series.h(6182): error:  #5: cannot open source input file "SYS.h": No such file or directory
assembling startup_M051Series.s...
compiling custerm.c...
lib.h(7): error:  #5: cannot open source input file "M051Series.h": No such file or directory
compiling interrupt.c...
lib.h(7): error:  #5: cannot open source input file "M051Series.h": No such file or directory
compiling main.c...
lib.h(7): error:  #5: cannot open source input file "M051Series.h": No such file or directory
compiling misc.c...
lib.h(7): error:  #5: cannot open source input file "M051Series.h": No such file or directory
compiling module.c...
lib.h(7): error:  #5: cannot open source input file "M051Series.h": No such file or directory
compiling udp.c...
lib.h(7): error:  #5: cannot open source input file "M051Series.h": No such file or directory
Target not created
Build target 'Target 1'
compiling core_cm0.c...
compiling system_M051Series.c...
compiling custerm.c...
compiling interrupt.c...
compiling main.c...
compiling misc.c...
compiling module.c...
compiling udp.c...
linking...
pandent.axf: Warning: L6305W: Image does not have an entry point. (Not specified or not set due to multiple choices.)
Program Size: Code=19324 RO-data=768 RW-data=156 ZI-data=1516  
"pandent.axf" - 0 Error(s), 1 Warning(s).
Build target 'Target 1'
linking...
pandent.axf: Warning: L6305W: Image does not have an entry point. (Not specified or not set due to multiple choices.)
Program Size: Code=19324 RO-data=768 RW-data=156 ZI-data=1516  
User command #1: fromelf --bin ".\output\pandent.axf" --output ".\output\pandent.bin"
".\output\pandent.axf": Error: Q0122E: Could not open file '.\output\pandent.axf': No such file or directory
Finished: 0 information, 0 warning and 1 error messages.
User command #2: fromelf --text -c ".\output\pandent.axf" --output ".\output\pandent.txt"
".\output\pandent.axf": Error: Q0122E: Could not open file '.\output\pandent.axf': No such file or directory
Finished: 0 information, 0 warning and 1 error messages.
"pandent.axf" - 0 Error(s), 1 Warning(s).
Rebuild target 'Target 1'
compiling core_cm0.c...
compiling system_M051Series.c...
assembling startup_M051Series.s...
compiling custerm.c...
compiling interrupt.c...
compiling main.c...
compiling misc.c...
compiling module.c...
compiling udp.c...
linking...
pandent.axf: Warning: L6305W: Image does not have an entry point. (Not specified or not set due to multiple choices.)
Program Size: Code=19324 RO-data=768 RW-data=156 ZI-data=1516  
User command #1: fromelf --bin ".\output\pandent.axf" --output ".\output\pandent.bin"
".\output\pandent.axf": Error: Q0122E: Could not open file '.\output\pandent.axf': No such file or directory
Finished: 0 information, 0 warning and 1 error messages.
User command #2: fromelf --text -c ".\output\pandent.axf" --output ".\output\pandent.txt"
".\output\pandent.axf": Error: Q0122E: Could not open file '.\output\pandent.axf': No such file or directory
Finished: 0 information, 0 warning and 1 error messages.
"pandent.axf" - 0 Error(s), 1 Warning(s).
Clean started: Project: 'pandent'
   deleting intermediate output files for target 'Target 1'
Build target 'Target 1'
compiling core_cm0.c...
compiling system_M051Series.c...
assembling startup_M051Series.s...
compiling custerm.c...
compiling interrupt.c...
compiling main.c...
compiling misc.c...
compiling module.c...
compiling udp.c...
linking...
Program Size: Code=19324 RO-data=768 RW-data=156 ZI-data=1516  
User command #1: fromelf --bin ".\output\pandent.axf" --output ".\output\pandent.bin"
".\output\pandent.axf": Error: Q0122E: Could not open file '.\output\pandent.axf': No such file or directory
Finished: 0 information, 0 warning and 1 error messages.
User command #2: fromelf --text -c ".\output\pandent.axf" --output ".\output\pandent.txt"
".\output\pandent.axf": Error: Q0122E: Could not open file '.\output\pandent.axf': No such file or directory
Finished: 0 information, 0 warning and 1 error messages.
"pandent.axf" - 0 Error(s), 0 Warning(s).
Build target 'Target 1'
linking...
Program Size: Code=19324 RO-data=768 RW-data=156 ZI-data=1516  
User command #1: fromelf --bin ".\output\pandent.axf" --output ".\output\pandent.bin"
".\output\pandent.axf": Error: Q0122E: Could not open file '.\output\pandent.axf': No such file or directory
Finished: 0 information, 0 warning and 1 error messages.
User command #2: fromelf --text -c ".\output\pandent.axf" --output ".\output\pandent.txt"
".\output\pandent.axf": Error: Q0122E: Could not open file '.\output\pandent.axf': No such file or directory
Finished: 0 information, 0 warning and 1 error messages.
"pandent.axf" - 0 Error(s), 0 Warning(s).
Build target 'Target 1'
linking...
Program Size: Code=19324 RO-data=768 RW-data=156 ZI-data=1516  
User command #1: fromelf --bin ".\output\pandent.axf" --output ".\output\pandent.bin"
".\output\pandent.axf": Error: Q0122E: Could not open file '.\output\pandent.axf': No such file or directory
Finished: 0 information, 0 warning and 1 error messages.
User command #2: fromelf --text -c ".\output\pandent.axf" --output ".\output\pandent.txt"
".\output\pandent.axf": Error: Q0122E: Could not open file '.\output\pandent.axf': No such file or directory
Finished: 0 information, 0 warning and 1 error messages.
"pandent.axf" - 0 Error(s), 0 Warning(s).
Clean started: Project: 'pandent'
   deleting intermediate output files for target 'Target 1'
Build target 'Target 1'
compiling core_cm0.c...
compiling system_M051Series.c...
assembling startup_M051Series.s...
compiling custerm.c...
compiling interrupt.c...
compiling main.c...
compiling misc.c...
compiling module.c...
compiling udp.c...
linking...
Program Size: Code=19324 RO-data=768 RW-data=156 ZI-data=1516  
User command #1: fromelf --bin ".\output\pandent.axf" --output ".\output\pandent.bin"
".\output\pandent.axf": Error: Q0122E: Could not open file '.\output\pandent.axf': No such file or directory
Finished: 0 information, 0 warning and 1 error messages.
User command #2: fromelf --text -c ".\output\pandent.axf" --output ".\output\pandent.txt"
".\output\pandent.axf": Error: Q0122E: Could not open file '.\output\pandent.axf': No such file or directory
Finished: 0 information, 0 warning and 1 error messages.
"pandent.axf" - 0 Error(s), 0 Warning(s).
Clean started: Project: 'pandent'
   deleting intermediate output files for target 'Target 1'
Clean started: Project: 'pandent'
   deleting intermediate output files for target 'Target 1'
Build target 'Target 1'
compiling core_cm0.c...
compiling system_M051Series.c...
assembling startup_M051Series.s...
compiling custerm.c...
compiling interrupt.c...
compiling main.c...
compiling misc.c...
compiling module.c...
compiling udp.c...
linking...
Program Size: Code=19324 RO-data=768 RW-data=156 ZI-data=1516  
User command #1: fromelf --bin ".\output\pandent.axf" --output ".\output\pandent.bin"
User command #2: fromelf --text -c ".\output\pandent.axf" --output ".\output\pandent.txt"
".\output\pandent.axf" - 0 Error(s), 0 Warning(s).
